#
# A fatal error has been detected by the Java Runtime Environment:
#
#  SIGSEGV (0xb) at pc=0x00007f14afdc97e4, pid=21202, tid=21203
#
# JRE version: OpenJDK Runtime Environment (Red_Hat-11.0.25.0.9-1) (11.0.25+9) (build 11.0.25+9)
# Java VM: OpenJDK 64-Bit Server VM (Red_Hat-11.0.25.0.9-1) (11.0.25+9, mixed mode, sharing, tiered, compressed oops, g1 gc, linux-amd64)
# Problematic frame:
# V  [libjvm.so+0x5c97e4]  AccessInternal::PostRuntimeDispatch<G1BarrierSet::AccessBarrier<1097844ul, G1BarrierSet>, (AccessInternal::BarrierType)2, 1097844ul>::oop_access_barrier(void*)+0x4
#
# Core dump will be written. Default location: Core dumps may be processed with "/usr/lib/systemd/systemd-coredump %P %u %g %s %t %c %h" (or dumping to /home/tazdevil/pdfhtmlrss_platform/core.21202)
#
# If you would like to submit a bug report, please visit:
#   https://bugzilla.redhat.com/enter_bug.cgi?product=Fedora&component=java-11-openjdk&version=39
#

---------------  S U M M A R Y ------------

Command Line: -XX:TieredStopAtLevel=1 -Xverify:none -Dspring.output.ansi.enabled=always -Dcom.sun.management.jmxremote -Dspring.jmx.enabled=true -Dspring.liveBeansView.mbeanDomain -Dspring.application.admin.enabled=true -Dmanagement.endpoints.jmx.exposure.include=* -javaagent:/home/tazdevil/.cache/JetBrains/RemoteDev/dist/62ea3ffd56a53_ideaIU-243.21565.129/lib/idea_rt.jar=33963:/home/tazdevil/.cache/JetBrains/RemoteDev/dist/62ea3ffd56a53_ideaIU-243.21565.129/bin -agentpath:/home/tazdevil/.cache/JetBrains/IntelliJIdea2024.3/microservices-jvm/scheduled/4/linux/amd64/libscheduled.so=bind=127.0.0.1:42541 -Dfile.encoding=UTF-8 pt.unl.fct.di.pdf_html_rss_core.PDFHTMLRSSApplicationKt

Host: AMD Ryzen 7 5800H with Radeon Graphics, 6 cores, 7G, Fedora release 40 (Forty)
Time: Fri Nov 22 21:29:32 2024 -01 elapsed time: 0.171821 seconds (0d 0h 0m 0s)

---------------  T H R E A D  ---------------

Current thread (0x00007f14a8031000):  JavaThread "main" [_thread_in_vm, id=21203, stack(0x00007f14b0b77000,0x00007f14b0c77000)]

Stack: [0x00007f14b0b77000,0x00007f14b0c77000],  sp=0x00007f14b0c72918,  free space=1006k
Native frames: (J=compiled Java code, A=aot compiled Java code, j=interpreted, Vv=VM code, C=native code)
V  [libjvm.so+0x5c97e4]  AccessInternal::PostRuntimeDispatch<G1BarrierSet::AccessBarrier<1097844ul, G1BarrierSet>, (AccessInternal::BarrierType)2, 1097844ul>::oop_access_barrier(void*)+0x4
V  [libjvm.so+0x95c3bd]  jni_GetMethodID+0x7d

Java frames: (J=compiled Java code, j=interpreted, Vv=VM code)
j  java.lang.ClassLoader$NativeLibrary.<clinit>()V+0 java.base@11.0.25
v  ~StubRoutines::call_stub
j  java.lang.ClassLoader$2.run()Ljava/lang/String;+0 java.base@11.0.25
j  java.lang.ClassLoader$2.run()Ljava/lang/Object;+1 java.base@11.0.25
v  ~StubRoutines::call_stub
j  java.security.AccessController.doPrivileged(Ljava/security/PrivilegedAction;)Ljava/lang/Object;+0 java.base@11.0.25
j  java.lang.ClassLoader.loadLibrary0(Ljava/lang/Class;Ljava/io/File;)Z+30 java.base@11.0.25
j  java.lang.ClassLoader.loadLibrary(Ljava/lang/Class;Ljava/lang/String;Z)V+250 java.base@11.0.25
j  java.lang.Runtime.loadLibrary0(Ljava/lang/Class;Ljava/lang/String;)V+54 java.base@11.0.25
j  java.lang.System.loadLibrary(Ljava/lang/String;)V+7 java.base@11.0.25
j  sun.instrument.InstrumentationImpl.<clinit>()V+2 java.instrument@11.0.25
v  ~StubRoutines::call_stub

siginfo: si_signo: 11 (SIGSEGV), si_code: 1 (SEGV_MAPERR), si_addr: 0x0000000000000000

Register to memory mapping:

RAX=0x00000008004cf718 is pointing into metadata
RBX=0x0 is NULL
RCX=0x0000000073cf11cb is an unknown value
RDX=0x0000000800a36860 is pointing into metadata
RSP=0x00007f14b0c72918 is pointing into the stack for thread: 0x00007f14a8031000
RBP=0x00007f14b0c72980 is pointing into the stack for thread: 0x00007f14a8031000
RSI=0x00000008004cf718 is pointing into metadata
RDI=0x0 is NULL
R8 =0x00007f14b0f54010: <offset 0x0000000000002010> in /home/tazdevil/.cache/JetBrains/IntelliJIdea2024.3/microservices-jvm/scheduled/4/linux/amd64/libscheduled.so at 0x00007f14b0f52000
R9 =0x0000000000000014 is an unknown value
R10=0x0000000800a36870 is pointing into metadata
R11=0x0000000800000000 is pointing into metadata
R12=0x00000008004d1448 is pointing into metadata
R13=0x00000008004cf718 is pointing into metadata
R14=0x00007f14b0f54025: <offset 0x0000000000002025> in /home/tazdevil/.cache/JetBrains/IntelliJIdea2024.3/microservices-jvm/scheduled/4/linux/amd64/libscheduled.so at 0x00007f14b0f52000
R15=0x00007f14a8031000 is a thread


Registers:
RAX=0x00000008004cf718, RBX=0x0000000000000000, RCX=0x0000000073cf11cb, RDX=0x0000000800a36860
RSP=0x00007f14b0c72918, RBP=0x00007f14b0c72980, RSI=0x00000008004cf718, RDI=0x0000000000000000
R8 =0x00007f14b0f54010, R9 =0x0000000000000014, R10=0x0000000800a36870, R11=0x0000000800000000
R12=0x00000008004d1448, R13=0x00000008004cf718, R14=0x00007f14b0f54025, R15=0x00007f14a8031000
RIP=0x00007f14afdc97e4, EFLAGS=0x0000000000010246, CSGSFS=0x002b000000000033, ERR=0x0000000000000004
  TRAPNO=0x000000000000000e

Top of Stack: (sp=0x00007f14b0c72918)
0x00007f14b0c72918:   00007f14b015bef8 0000000800000000
0x00007f14b0c72928:   00007f14b0c72930 00007f1473cf11cb
0x00007f14b0c72938:   00007f14b01534de 00007f14894187e8
0x00007f14b0c72948:   99f389be3aebc400 0000000000000000 

Instructions: (pc=0x00007f14afdc97e4)
0x00007f14afdc96e4:   48 83 c4 18 44 89 f1 44 89 ea 4c 89 e6 48 89 df
0x00007f14afdc96f4:   5b 41 5c 41 5d 41 5e 41 5f 5d e9 6d f7 ff ff 0f
0x00007f14afdc9704:   1f 44 00 00 48 8d 15 a1 6f d6 00 4c 89 f8 48 c1
0x00007f14afdc9714:   e8 04 23 02 48 8d 15 99 6f d6 00 48 03 02 c7 00
0x00007f14afdc9724:   01 00 00 00 e9 09 ff ff ff 0f 1f 00 4c 89 ff ff
0x00007f14afdc9734:   d0 84 c0 0f 84 36 fe ff ff eb 81 90 f3 0f 1e fa
0x00007f14afdc9744:   55 66 0f ef c0 48 89 e5 48 83 ec 30 64 48 8b 04
0x00007f14afdc9754:   25 28 00 00 00 48 89 45 f8 31 c0 48 8d 05 fa 33
0x00007f14afdc9764:   d5 00 0f 29 45 d0 80 b8 e1 1d 00 00 00 74 29 48
0x00007f14afdc9774:   8b 47 70 c6 45 e0 01 48 85 c0 74 30 8b 40 08 89
0x00007f14afdc9784:   45 f0 48 89 75 e8 e8 51 0f 8f 00 48 8d 7d d0 48
0x00007f14afdc9794:   89 45 d0 e8 74 0a 00 00 48 8b 45 f8 64 48 2b 04
0x00007f14afdc97a4:   25 28 00 00 00 75 09 c9 c3 0f 1f 00 31 c0 eb cf
0x00007f14afdc97b4:   e8 87 db cb ff 0f 1f 80 00 00 00 00 f3 0f 1e fa
0x00007f14afdc97c4:   48 8b 07 c3 0f 1f 84 00 00 00 00 00 f3 0f 1e fa
0x00007f14afdc97d4:   48 8b 07 c3 0f 1f 84 00 00 00 00 00 f3 0f 1e fa
0x00007f14afdc97e4:   48 8b 07 c3 0f 1f 84 00 00 00 00 00 f3 0f 1e fa
0x00007f14afdc97f4:   48 8b 07 c3 0f 1f 84 00 00 00 00 00 f3 0f 1e fa
0x00007f14afdc9804:   48 8b 07 c3 0f 1f 84 00 00 00 00 00 f3 0f 1e fa
0x00007f14afdc9814:   48 8b 07 c3 0f 1f 84 00 00 00 00 00 f3 0f 1e fa
0x00007f14afdc9824:   48 8b 07 c3 0f 1f 84 00 00 00 00 00 f3 0f 1e fa
0x00007f14afdc9834:   48 8b 07 c3 0f 1f 84 00 00 00 00 00 f3 0f 1e fa
0x00007f14afdc9844:   48 8b 07 c3 0f 1f 84 00 00 00 00 00 f3 0f 1e fa
0x00007f14afdc9854:   48 8b 07 c3 0f 1f 84 00 00 00 00 00 f3 0f 1e fa
0x00007f14afdc9864:   55 48 8d 05 64 2e d9 00 48 89 e5 41 56 49 89 fe
0x00007f14afdc9874:   41 55 41 54 53 4c 8b 27 0f b6 00 48 85 ff 74 03
0x00007f14afdc9884:   4c 8b 27 4c 8d 2d 12 23 d9 00 4c 89 e3 49 8b 55
0x00007f14afdc9894:   00 84 c0 74 44 49 85 d4 0f 85 9e 00 00 00 4d 85
0x00007f14afdc98a4:   e4 75 69 5b 4c 89 e0 41 5c 41 5d 41 5e 5d c3 0f
0x00007f14afdc98b4:   1f 44 00 00 48 89 df e8 c0 77 98 00 48 89 c2 4d
0x00007f14afdc98c4:   85 f6 74 30 48 39 c3 74 2b 48 89 d8 f0 49 0f b1
0x00007f14afdc98d4:   16 48 39 c3 74 1e 48 89 c3 48 89 d8 49 23 45 00 


Stack slot to memory mapping:
stack at sp + 0 slots: 0x00007f14b015bef8: <offset 0x000000000095bef8> in /usr/lib/jvm/java-11-openjdk-11.0.25.0.9-1.fc40.x86_64/lib/server/libjvm.so at 0x00007f14af800000
stack at sp + 1 slots: 0x0000000800000000 is pointing into metadata
stack at sp + 2 slots: 0x00007f14b0c72930 is pointing into the stack for thread: 0x00007f14a8031000
stack at sp + 3 slots: 0x00007f1473cf11cb is an unknown value
stack at sp + 4 slots: 0x00007f14b01534de: <offset 0x00000000009534de> in /usr/lib/jvm/java-11-openjdk-11.0.25.0.9-1.fc40.x86_64/lib/server/libjvm.so at 0x00007f14af800000
stack at sp + 5 slots: 0x00007f14894187e8 is pointing into metadata
stack at sp + 6 slots: 0x99f389be3aebc400 is an unknown value
stack at sp + 7 slots: 0x0 is NULL


---------------  P R O C E S S  ---------------

Threads class SMR info:
_java_thread_list=0x00007f14a81d4f20, length=8, elements={
0x00007f14a8031000, 0x00007f14a819b800, 0x00007f14a819d800, 0x00007f14a81a7000,
0x00007f14a81a9000, 0x00007f14a81ab800, 0x00007f14a81ad800, 0x00007f14a81d3800
}

Java Threads: ( => current thread )
=>0x00007f14a8031000 JavaThread "main" [_thread_in_vm, id=21203, stack(0x00007f14b0b77000,0x00007f14b0c77000)]
  0x00007f14a819b800 JavaThread "Reference Handler" daemon [_thread_blocked, id=21210, stack(0x00007f148bf00000,0x00007f148c000000)]
  0x00007f14a819d800 JavaThread "Finalizer" daemon [_thread_blocked, id=21211, stack(0x00007f14891ff000,0x00007f14892ff000)]
  0x00007f14a81a7000 JavaThread "Signal Dispatcher" daemon [_thread_blocked, id=21212, stack(0x00007f14890ff000,0x00007f14891ff000)]
  0x00007f14a81a9000 JavaThread "Service Thread" daemon [_thread_blocked, id=21213, stack(0x00007f1488d00000,0x00007f1488e00000)]
  0x00007f14a81ab800 JavaThread "C1 CompilerThread0" daemon [_thread_blocked, id=21214, stack(0x00007f1488c00000,0x00007f1488d00000)]
  0x00007f14a81ad800 JavaThread "Sweeper thread" daemon [_thread_blocked, id=21215, stack(0x00007f1488b00000,0x00007f1488c00000)]
  0x00007f14a81d3800 JavaThread "Common-Cleaner" daemon [_thread_blocked, id=21216, stack(0x00007f1488a00000,0x00007f1488b00000)]

Other Threads:
  0x00007f14a8198800 VMThread "VM Thread" [stack: 0x00007f1489300000,0x00007f1489400000] [id=21209]
  0x00007f14a804a000 GCTaskThread "GC Thread#0" [stack: 0x00007f14af497000,0x00007f14af597000] [id=21204]
  0x00007f14a807b800 ConcurrentGCThread "G1 Main Marker" [stack: 0x00007f14ac100000,0x00007f14ac200000] [id=21205]
  0x00007f14a807d800 ConcurrentGCThread "G1 Conc#0" [stack: 0x00007f14a7f00000,0x00007f14a8000000] [id=21206]
  0x00007f14a80fe000 ConcurrentGCThread "G1 Refine#0" [stack: 0x00007f1489dff000,0x00007f1489eff000] [id=21207]
  0x00007f14a8100000 ConcurrentGCThread "G1 Young RemSet Sampling" [stack: 0x00007f1489cfe000,0x00007f1489dfe000] [id=21208]

Threads with active compile tasks:

VM state:not at safepoint (normal execution)

VM Mutex/Monitor currently owned by a thread: None

Heap address: 0x0000000084000000, size: 1984 MB, Compressed Oops mode: 32-bit
Narrow klass base: 0x0000000800000000, Narrow klass shift: 3
Compressed class space size: 1073741824 Address: 0x0000000840000000

Heap:
 garbage-first heap   total 129024K, used 1740K [0x0000000084000000, 0x0000000100000000)
  region size 1024K, 2 young (2048K), 0 survivors (0K)
 Metaspace       used 309K, capacity 4515K, committed 4864K, reserved 1056768K
  class space    used 33K, capacity 398K, committed 512K, reserved 1048576K
Heap Regions: E=young(eden), S=young(survivor), O=old, HS=humongous(starts), HC=humongous(continues), CS=collection set, F=free, A=archive, TAMS=top-at-mark-start (previous, next)
|   0|0x0000000084000000, 0x0000000084000000, 0x0000000084100000|  0%| F|  |TAMS 0x0000000084000000, 0x0000000084000000| Untracked 
|   1|0x0000000084100000, 0x0000000084100000, 0x0000000084200000|  0%| F|  |TAMS 0x0000000084100000, 0x0000000084100000| Untracked 
|   2|0x0000000084200000, 0x0000000084200000, 0x0000000084300000|  0%| F|  |TAMS 0x0000000084200000, 0x0000000084200000| Untracked 
|   3|0x0000000084300000, 0x0000000084300000, 0x0000000084400000|  0%| F|  |TAMS 0x0000000084300000, 0x0000000084300000| Untracked 
|   4|0x0000000084400000, 0x0000000084400000, 0x0000000084500000|  0%| F|  |TAMS 0x0000000084400000, 0x0000000084400000| Untracked 
|   5|0x0000000084500000, 0x0000000084500000, 0x0000000084600000|  0%| F|  |TAMS 0x0000000084500000, 0x0000000084500000| Untracked 
|   6|0x0000000084600000, 0x0000000084600000, 0x0000000084700000|  0%| F|  |TAMS 0x0000000084600000, 0x0000000084600000| Untracked 
|   7|0x0000000084700000, 0x0000000084700000, 0x0000000084800000|  0%| F|  |TAMS 0x0000000084700000, 0x0000000084700000| Untracked 
|   8|0x0000000084800000, 0x0000000084800000, 0x0000000084900000|  0%| F|  |TAMS 0x0000000084800000, 0x0000000084800000| Untracked 
|   9|0x0000000084900000, 0x0000000084900000, 0x0000000084a00000|  0%| F|  |TAMS 0x0000000084900000, 0x0000000084900000| Untracked 
|  10|0x0000000084a00000, 0x0000000084a00000, 0x0000000084b00000|  0%| F|  |TAMS 0x0000000084a00000, 0x0000000084a00000| Untracked 
|  11|0x0000000084b00000, 0x0000000084b00000, 0x0000000084c00000|  0%| F|  |TAMS 0x0000000084b00000, 0x0000000084b00000| Untracked 
|  12|0x0000000084c00000, 0x0000000084c00000, 0x0000000084d00000|  0%| F|  |TAMS 0x0000000084c00000, 0x0000000084c00000| Untracked 
|  13|0x0000000084d00000, 0x0000000084d00000, 0x0000000084e00000|  0%| F|  |TAMS 0x0000000084d00000, 0x0000000084d00000| Untracked 
|  14|0x0000000084e00000, 0x0000000084e00000, 0x0000000084f00000|  0%| F|  |TAMS 0x0000000084e00000, 0x0000000084e00000| Untracked 
|  15|0x0000000084f00000, 0x0000000084f00000, 0x0000000085000000|  0%| F|  |TAMS 0x0000000084f00000, 0x0000000084f00000| Untracked 
|  16|0x0000000085000000, 0x0000000085000000, 0x0000000085100000|  0%| F|  |TAMS 0x0000000085000000, 0x0000000085000000| Untracked 
|  17|0x0000000085100000, 0x0000000085100000, 0x0000000085200000|  0%| F|  |TAMS 0x0000000085100000, 0x0000000085100000| Untracked 
|  18|0x0000000085200000, 0x0000000085200000, 0x0000000085300000|  0%| F|  |TAMS 0x0000000085200000, 0x0000000085200000| Untracked 
|  19|0x0000000085300000, 0x0000000085300000, 0x0000000085400000|  0%| F|  |TAMS 0x0000000085300000, 0x0000000085300000| Untracked 
|  20|0x0000000085400000, 0x0000000085400000, 0x0000000085500000|  0%| F|  |TAMS 0x0000000085400000, 0x0000000085400000| Untracked 
|  21|0x0000000085500000, 0x0000000085500000, 0x0000000085600000|  0%| F|  |TAMS 0x0000000085500000, 0x0000000085500000| Untracked 
|  22|0x0000000085600000, 0x0000000085600000, 0x0000000085700000|  0%| F|  |TAMS 0x0000000085600000, 0x0000000085600000| Untracked 
|  23|0x0000000085700000, 0x0000000085700000, 0x0000000085800000|  0%| F|  |TAMS 0x0000000085700000, 0x0000000085700000| Untracked 
|  24|0x0000000085800000, 0x0000000085800000, 0x0000000085900000|  0%| F|  |TAMS 0x0000000085800000, 0x0000000085800000| Untracked 
|  25|0x0000000085900000, 0x0000000085900000, 0x0000000085a00000|  0%| F|  |TAMS 0x0000000085900000, 0x0000000085900000| Untracked 
|  26|0x0000000085a00000, 0x0000000085a00000, 0x0000000085b00000|  0%| F|  |TAMS 0x0000000085a00000, 0x0000000085a00000| Untracked 
|  27|0x0000000085b00000, 0x0000000085b00000, 0x0000000085c00000|  0%| F|  |TAMS 0x0000000085b00000, 0x0000000085b00000| Untracked 
|  28|0x0000000085c00000, 0x0000000085c00000, 0x0000000085d00000|  0%| F|  |TAMS 0x0000000085c00000, 0x0000000085c00000| Untracked 
|  29|0x0000000085d00000, 0x0000000085d00000, 0x0000000085e00000|  0%| F|  |TAMS 0x0000000085d00000, 0x0000000085d00000| Untracked 
|  30|0x0000000085e00000, 0x0000000085e00000, 0x0000000085f00000|  0%| F|  |TAMS 0x0000000085e00000, 0x0000000085e00000| Untracked 
|  31|0x0000000085f00000, 0x0000000085f00000, 0x0000000086000000|  0%| F|  |TAMS 0x0000000085f00000, 0x0000000085f00000| Untracked 
|  32|0x0000000086000000, 0x0000000086000000, 0x0000000086100000|  0%| F|  |TAMS 0x0000000086000000, 0x0000000086000000| Untracked 
|  33|0x0000000086100000, 0x0000000086100000, 0x0000000086200000|  0%| F|  |TAMS 0x0000000086100000, 0x0000000086100000| Untracked 
|  34|0x0000000086200000, 0x0000000086200000, 0x0000000086300000|  0%| F|  |TAMS 0x0000000086200000, 0x0000000086200000| Untracked 
|  35|0x0000000086300000, 0x0000000086300000, 0x0000000086400000|  0%| F|  |TAMS 0x0000000086300000, 0x0000000086300000| Untracked 
|  36|0x0000000086400000, 0x0000000086400000, 0x0000000086500000|  0%| F|  |TAMS 0x0000000086400000, 0x0000000086400000| Untracked 
|  37|0x0000000086500000, 0x0000000086500000, 0x0000000086600000|  0%| F|  |TAMS 0x0000000086500000, 0x0000000086500000| Untracked 
|  38|0x0000000086600000, 0x0000000086600000, 0x0000000086700000|  0%| F|  |TAMS 0x0000000086600000, 0x0000000086600000| Untracked 
|  39|0x0000000086700000, 0x0000000086700000, 0x0000000086800000|  0%| F|  |TAMS 0x0000000086700000, 0x0000000086700000| Untracked 
|  40|0x0000000086800000, 0x0000000086800000, 0x0000000086900000|  0%| F|  |TAMS 0x0000000086800000, 0x0000000086800000| Untracked 
|  41|0x0000000086900000, 0x0000000086900000, 0x0000000086a00000|  0%| F|  |TAMS 0x0000000086900000, 0x0000000086900000| Untracked 
|  42|0x0000000086a00000, 0x0000000086a00000, 0x0000000086b00000|  0%| F|  |TAMS 0x0000000086a00000, 0x0000000086a00000| Untracked 
|  43|0x0000000086b00000, 0x0000000086b00000, 0x0000000086c00000|  0%| F|  |TAMS 0x0000000086b00000, 0x0000000086b00000| Untracked 
|  44|0x0000000086c00000, 0x0000000086c00000, 0x0000000086d00000|  0%| F|  |TAMS 0x0000000086c00000, 0x0000000086c00000| Untracked 
|  45|0x0000000086d00000, 0x0000000086d00000, 0x0000000086e00000|  0%| F|  |TAMS 0x0000000086d00000, 0x0000000086d00000| Untracked 
|  46|0x0000000086e00000, 0x0000000086e00000, 0x0000000086f00000|  0%| F|  |TAMS 0x0000000086e00000, 0x0000000086e00000| Untracked 
|  47|0x0000000086f00000, 0x0000000086f00000, 0x0000000087000000|  0%| F|  |TAMS 0x0000000086f00000, 0x0000000086f00000| Untracked 
|  48|0x0000000087000000, 0x0000000087000000, 0x0000000087100000|  0%| F|  |TAMS 0x0000000087000000, 0x0000000087000000| Untracked 
|  49|0x0000000087100000, 0x0000000087100000, 0x0000000087200000|  0%| F|  |TAMS 0x0000000087100000, 0x0000000087100000| Untracked 
|  50|0x0000000087200000, 0x0000000087200000, 0x0000000087300000|  0%| F|  |TAMS 0x0000000087200000, 0x0000000087200000| Untracked 
|  51|0x0000000087300000, 0x0000000087300000, 0x0000000087400000|  0%| F|  |TAMS 0x0000000087300000, 0x0000000087300000| Untracked 
|  52|0x0000000087400000, 0x0000000087400000, 0x0000000087500000|  0%| F|  |TAMS 0x0000000087400000, 0x0000000087400000| Untracked 
|  53|0x0000000087500000, 0x0000000087500000, 0x0000000087600000|  0%| F|  |TAMS 0x0000000087500000, 0x0000000087500000| Untracked 
|  54|0x0000000087600000, 0x0000000087600000, 0x0000000087700000|  0%| F|  |TAMS 0x0000000087600000, 0x0000000087600000| Untracked 
|  55|0x0000000087700000, 0x0000000087700000, 0x0000000087800000|  0%| F|  |TAMS 0x0000000087700000, 0x0000000087700000| Untracked 
|  56|0x0000000087800000, 0x0000000087800000, 0x0000000087900000|  0%| F|  |TAMS 0x0000000087800000, 0x0000000087800000| Untracked 
|  57|0x0000000087900000, 0x0000000087900000, 0x0000000087a00000|  0%| F|  |TAMS 0x0000000087900000, 0x0000000087900000| Untracked 
|  58|0x0000000087a00000, 0x0000000087a00000, 0x0000000087b00000|  0%| F|  |TAMS 0x0000000087a00000, 0x0000000087a00000| Untracked 
|  59|0x0000000087b00000, 0x0000000087b00000, 0x0000000087c00000|  0%| F|  |TAMS 0x0000000087b00000, 0x0000000087b00000| Untracked 
|  60|0x0000000087c00000, 0x0000000087c00000, 0x0000000087d00000|  0%| F|  |TAMS 0x0000000087c00000, 0x0000000087c00000| Untracked 
|  61|0x0000000087d00000, 0x0000000087d00000, 0x0000000087e00000|  0%| F|  |TAMS 0x0000000087d00000, 0x0000000087d00000| Untracked 
|  62|0x0000000087e00000, 0x0000000087e00000, 0x0000000087f00000|  0%| F|  |TAMS 0x0000000087e00000, 0x0000000087e00000| Untracked 
|  63|0x0000000087f00000, 0x0000000087f00000, 0x0000000088000000|  0%| F|  |TAMS 0x0000000087f00000, 0x0000000087f00000| Untracked 
|  64|0x0000000088000000, 0x0000000088000000, 0x0000000088100000|  0%| F|  |TAMS 0x0000000088000000, 0x0000000088000000| Untracked 
|  65|0x0000000088100000, 0x0000000088100000, 0x0000000088200000|  0%| F|  |TAMS 0x0000000088100000, 0x0000000088100000| Untracked 
|  66|0x0000000088200000, 0x0000000088200000, 0x0000000088300000|  0%| F|  |TAMS 0x0000000088200000, 0x0000000088200000| Untracked 
|  67|0x0000000088300000, 0x0000000088300000, 0x0000000088400000|  0%| F|  |TAMS 0x0000000088300000, 0x0000000088300000| Untracked 
|  68|0x0000000088400000, 0x0000000088400000, 0x0000000088500000|  0%| F|  |TAMS 0x0000000088400000, 0x0000000088400000| Untracked 
|  69|0x0000000088500000, 0x0000000088500000, 0x0000000088600000|  0%| F|  |TAMS 0x0000000088500000, 0x0000000088500000| Untracked 
|  70|0x0000000088600000, 0x0000000088600000, 0x0000000088700000|  0%| F|  |TAMS 0x0000000088600000, 0x0000000088600000| Untracked 
|  71|0x0000000088700000, 0x0000000088700000, 0x0000000088800000|  0%| F|  |TAMS 0x0000000088700000, 0x0000000088700000| Untracked 
|  72|0x0000000088800000, 0x0000000088800000, 0x0000000088900000|  0%| F|  |TAMS 0x0000000088800000, 0x0000000088800000| Untracked 
|  73|0x0000000088900000, 0x0000000088900000, 0x0000000088a00000|  0%| F|  |TAMS 0x0000000088900000, 0x0000000088900000| Untracked 
|  74|0x0000000088a00000, 0x0000000088a00000, 0x0000000088b00000|  0%| F|  |TAMS 0x0000000088a00000, 0x0000000088a00000| Untracked 
|  75|0x0000000088b00000, 0x0000000088b00000, 0x0000000088c00000|  0%| F|  |TAMS 0x0000000088b00000, 0x0000000088b00000| Untracked 
|  76|0x0000000088c00000, 0x0000000088c00000, 0x0000000088d00000|  0%| F|  |TAMS 0x0000000088c00000, 0x0000000088c00000| Untracked 
|  77|0x0000000088d00000, 0x0000000088d00000, 0x0000000088e00000|  0%| F|  |TAMS 0x0000000088d00000, 0x0000000088d00000| Untracked 
|  78|0x0000000088e00000, 0x0000000088e00000, 0x0000000088f00000|  0%| F|  |TAMS 0x0000000088e00000, 0x0000000088e00000| Untracked 
|  79|0x0000000088f00000, 0x0000000088f00000, 0x0000000089000000|  0%| F|  |TAMS 0x0000000088f00000, 0x0000000088f00000| Untracked 
|  80|0x0000000089000000, 0x0000000089000000, 0x0000000089100000|  0%| F|  |TAMS 0x0000000089000000, 0x0000000089000000| Untracked 
|  81|0x0000000089100000, 0x0000000089100000, 0x0000000089200000|  0%| F|  |TAMS 0x0000000089100000, 0x0000000089100000| Untracked 
|  82|0x0000000089200000, 0x0000000089200000, 0x0000000089300000|  0%| F|  |TAMS 0x0000000089200000, 0x0000000089200000| Untracked 
|  83|0x0000000089300000, 0x0000000089300000, 0x0000000089400000|  0%| F|  |TAMS 0x0000000089300000, 0x0000000089300000| Untracked 
|  84|0x0000000089400000, 0x0000000089400000, 0x0000000089500000|  0%| F|  |TAMS 0x0000000089400000, 0x0000000089400000| Untracked 
|  85|0x0000000089500000, 0x0000000089500000, 0x0000000089600000|  0%| F|  |TAMS 0x0000000089500000, 0x0000000089500000| Untracked 
|  86|0x0000000089600000, 0x0000000089600000, 0x0000000089700000|  0%| F|  |TAMS 0x0000000089600000, 0x0000000089600000| Untracked 
|  87|0x0000000089700000, 0x0000000089700000, 0x0000000089800000|  0%| F|  |TAMS 0x0000000089700000, 0x0000000089700000| Untracked 
|  88|0x0000000089800000, 0x0000000089800000, 0x0000000089900000|  0%| F|  |TAMS 0x0000000089800000, 0x0000000089800000| Untracked 
|  89|0x0000000089900000, 0x0000000089900000, 0x0000000089a00000|  0%| F|  |TAMS 0x0000000089900000, 0x0000000089900000| Untracked 
|  90|0x0000000089a00000, 0x0000000089a00000, 0x0000000089b00000|  0%| F|  |TAMS 0x0000000089a00000, 0x0000000089a00000| Untracked 
|  91|0x0000000089b00000, 0x0000000089b00000, 0x0000000089c00000|  0%| F|  |TAMS 0x0000000089b00000, 0x0000000089b00000| Untracked 
|  92|0x0000000089c00000, 0x0000000089c00000, 0x0000000089d00000|  0%| F|  |TAMS 0x0000000089c00000, 0x0000000089c00000| Untracked 
|  93|0x0000000089d00000, 0x0000000089d00000, 0x0000000089e00000|  0%| F|  |TAMS 0x0000000089d00000, 0x0000000089d00000| Untracked 
|  94|0x0000000089e00000, 0x0000000089e00000, 0x0000000089f00000|  0%| F|  |TAMS 0x0000000089e00000, 0x0000000089e00000| Untracked 
|  95|0x0000000089f00000, 0x0000000089f00000, 0x000000008a000000|  0%| F|  |TAMS 0x0000000089f00000, 0x0000000089f00000| Untracked 
|  96|0x000000008a000000, 0x000000008a000000, 0x000000008a100000|  0%| F|  |TAMS 0x000000008a000000, 0x000000008a000000| Untracked 
|  97|0x000000008a100000, 0x000000008a100000, 0x000000008a200000|  0%| F|  |TAMS 0x000000008a100000, 0x000000008a100000| Untracked 
|  98|0x000000008a200000, 0x000000008a200000, 0x000000008a300000|  0%| F|  |TAMS 0x000000008a200000, 0x000000008a200000| Untracked 
|  99|0x000000008a300000, 0x000000008a300000, 0x000000008a400000|  0%| F|  |TAMS 0x000000008a300000, 0x000000008a300000| Untracked 
| 100|0x000000008a400000, 0x000000008a400000, 0x000000008a500000|  0%| F|  |TAMS 0x000000008a400000, 0x000000008a400000| Untracked 
| 101|0x000000008a500000, 0x000000008a500000, 0x000000008a600000|  0%| F|  |TAMS 0x000000008a500000, 0x000000008a500000| Untracked 
| 102|0x000000008a600000, 0x000000008a600000, 0x000000008a700000|  0%| F|  |TAMS 0x000000008a600000, 0x000000008a600000| Untracked 
| 103|0x000000008a700000, 0x000000008a700000, 0x000000008a800000|  0%| F|  |TAMS 0x000000008a700000, 0x000000008a700000| Untracked 
| 104|0x000000008a800000, 0x000000008a800000, 0x000000008a900000|  0%| F|  |TAMS 0x000000008a800000, 0x000000008a800000| Untracked 
| 105|0x000000008a900000, 0x000000008a900000, 0x000000008aa00000|  0%| F|  |TAMS 0x000000008a900000, 0x000000008a900000| Untracked 
| 106|0x000000008aa00000, 0x000000008aa00000, 0x000000008ab00000|  0%| F|  |TAMS 0x000000008aa00000, 0x000000008aa00000| Untracked 
| 107|0x000000008ab00000, 0x000000008ab00000, 0x000000008ac00000|  0%| F|  |TAMS 0x000000008ab00000, 0x000000008ab00000| Untracked 
| 108|0x000000008ac00000, 0x000000008ac00000, 0x000000008ad00000|  0%| F|  |TAMS 0x000000008ac00000, 0x000000008ac00000| Untracked 
| 109|0x000000008ad00000, 0x000000008ad00000, 0x000000008ae00000|  0%| F|  |TAMS 0x000000008ad00000, 0x000000008ad00000| Untracked 
| 110|0x000000008ae00000, 0x000000008ae00000, 0x000000008af00000|  0%| F|  |TAMS 0x000000008ae00000, 0x000000008ae00000| Untracked 
| 111|0x000000008af00000, 0x000000008af00000, 0x000000008b000000|  0%| F|  |TAMS 0x000000008af00000, 0x000000008af00000| Untracked 
| 112|0x000000008b000000, 0x000000008b000000, 0x000000008b100000|  0%| F|  |TAMS 0x000000008b000000, 0x000000008b000000| Untracked 
| 113|0x000000008b100000, 0x000000008b100000, 0x000000008b200000|  0%| F|  |TAMS 0x000000008b100000, 0x000000008b100000| Untracked 
| 114|0x000000008b200000, 0x000000008b200000, 0x000000008b300000|  0%| F|  |TAMS 0x000000008b200000, 0x000000008b200000| Untracked 
| 115|0x000000008b300000, 0x000000008b300000, 0x000000008b400000|  0%| F|  |TAMS 0x000000008b300000, 0x000000008b300000| Untracked 
| 116|0x000000008b400000, 0x000000008b400000, 0x000000008b500000|  0%| F|  |TAMS 0x000000008b400000, 0x000000008b400000| Untracked 
| 117|0x000000008b500000, 0x000000008b500000, 0x000000008b600000|  0%| F|  |TAMS 0x000000008b500000, 0x000000008b500000| Untracked 
| 118|0x000000008b600000, 0x000000008b600000, 0x000000008b700000|  0%| F|  |TAMS 0x000000008b600000, 0x000000008b600000| Untracked 
| 119|0x000000008b700000, 0x000000008b700000, 0x000000008b800000|  0%| F|  |TAMS 0x000000008b700000, 0x000000008b700000| Untracked 
| 120|0x000000008b800000, 0x000000008b800000, 0x000000008b900000|  0%| F|  |TAMS 0x000000008b800000, 0x000000008b800000| Untracked 
| 121|0x000000008b900000, 0x000000008b900000, 0x000000008ba00000|  0%| F|  |TAMS 0x000000008b900000, 0x000000008b900000| Untracked 
| 122|0x000000008ba00000, 0x000000008bae1cc0, 0x000000008bb00000| 88%| E|  |TAMS 0x000000008ba00000, 0x000000008ba00000| Complete 
| 123|0x000000008bb00000, 0x000000008bc00000, 0x000000008bc00000|100%| E|CS|TAMS 0x000000008bb00000, 0x000000008bb00000| Complete 
|1982|0x00000000ffe00000, 0x00000000ffe47000, 0x00000000fff00000| 27%|OA|  |TAMS 0x00000000ffe00000, 0x00000000ffe00000| Untracked 
|1983|0x00000000fff00000, 0x00000000fff6c000, 0x0000000100000000| 42%|CA|  |TAMS 0x00000000fff00000, 0x00000000fff00000| Untracked 

Card table byte_map: [0x00007f14ae600000,0x00007f14ae9e0000] _byte_map_base: 0x00007f14ae1e0000

Marking Bits (Prev, Next): (CMBitMap*) 0x00007f14a8072fb8, (CMBitMap*) 0x00007f14a8072ff0
 Prev Bits: [0x00007f14ac200000, 0x00007f14ae100000)
 Next Bits: [0x00007f148a000000, 0x00007f148bf00000)

Polling page: 0x00007f14b0f57000

Metaspace:

Usage:
  Non-class:      4.02 MB capacity,   276.29 KB (  7%) used,     3.75 MB ( 93%) free+waste,     1.38 KB ( <1%) overhead. 
      Class:    398.00 KB capacity,    33.38 KB (  8%) used,   363.68 KB ( 91%) free+waste,   960 bytes ( <1%) overhead. 
       Both:      4.41 MB capacity,   309.67 KB (  7%) used,     4.10 MB ( 93%) free+waste,     2.31 KB ( <1%) overhead. 

Virtual space:
  Non-class space:        8.00 MB reserved,       4.25 MB ( 53%) committed 
      Class space:        1.00 GB reserved,     512.00 KB ( <1%) committed 
             Both:        1.01 GB reserved,       4.75 MB ( <1%) committed 

Chunk freelists:
   Non-Class:  0 bytes
       Class:  0 bytes
        Both:  0 bytes

MaxMetaspaceSize: unlimited
CompressedClassSpaceSize: 1.00 GB
Initial GC threshold: 20.80 MB
Current GC threshold: 20.80 MB
CDS: on

CodeHeap 'non-profiled nmethods': size=238948Kb used=214Kb max_used=214Kb free=238733Kb
 bounds [0x00007f1490ca7000, 0x00007f1490f17000, 0x00007f149f600000]
CodeHeap 'non-nmethods': size=6812Kb used=1044Kb max_used=1044Kb free=5767Kb
 bounds [0x00007f1490600000, 0x00007f1490870000, 0x00007f1490ca7000]
 total_blobs=465 nmethods=196 adapters=198
 compilation: enabled
              stopped_count=0, restarted_count=0
 full_count=0

Compilation events (20 events):
Event: 0.160 Thread 0x00007f14a81ab800  190       1       jdk.internal.module.ModuleBootstrap$2::hasNext (30 bytes)
Event: 0.161 Thread 0x00007f14a81ab800 nmethod 190 0x00007f1490cda990 code [0x00007f1490cdab60, 0x00007f1490cdacb0]
Event: 0.161 Thread 0x00007f14a81ab800  195       1       java.net.URL::getRef (5 bytes)
Event: 0.161 Thread 0x00007f14a81ab800 nmethod 195 0x00007f1490cdad90 code [0x00007f1490cdaf40, 0x00007f1490cdb010]
Event: 0.161 Thread 0x00007f14a81ab800  196       1       java.net.URL::getProtocol (5 bytes)
Event: 0.161 Thread 0x00007f14a81ab800 nmethod 196 0x00007f1490cdb090 code [0x00007f1490cdb240, 0x00007f1490cdb310]
Event: 0.161 Thread 0x00007f14a81ab800  191       1       jdk.internal.module.ModuleBootstrap$2::next (52 bytes)
Event: 0.161 Thread 0x00007f14a81ab800 nmethod 191 0x00007f1490cdb390 code [0x00007f1490cdb580, 0x00007f1490cdb780]
Event: 0.161 Thread 0x00007f14a81ab800  189       1       java.util.HashMap$ValueIterator::next (8 bytes)
Event: 0.161 Thread 0x00007f14a81ab800 nmethod 189 0x00007f1490cdb890 code [0x00007f1490cdba40, 0x00007f1490cdbb40]
Event: 0.161 Thread 0x00007f14a81ab800  187       1       java.lang.module.ModuleDescriptor::isOpen (5 bytes)
Event: 0.161 Thread 0x00007f14a81ab800 nmethod 187 0x00007f1490cdbc10 code [0x00007f1490cdbdc0, 0x00007f1490cdbe90]
Event: 0.161 Thread 0x00007f14a81ab800  186       1       java.util.Collections$UnmodifiableCollection$1::hasNext (10 bytes)
Event: 0.161 Thread 0x00007f14a81ab800 nmethod 186 0x00007f1490cdbf10 code [0x00007f1490cdc0c0, 0x00007f1490cdc1c0]
Event: 0.161 Thread 0x00007f14a81ab800  188       1       java.lang.module.ModuleDescriptor$Provides::service (5 bytes)
Event: 0.162 Thread 0x00007f14a81ab800 nmethod 188 0x00007f1490cdc290 code [0x00007f1490cdc440, 0x00007f1490cdc510]
Event: 0.162 Thread 0x00007f14a81ab800  193       1       java.lang.Module::getDescriptor (5 bytes)
Event: 0.162 Thread 0x00007f14a81ab800 nmethod 193 0x00007f1490cdc590 code [0x00007f1490cdc740, 0x00007f1490cdc810]
Event: 0.162 Thread 0x00007f14a81ab800  185       1       java.lang.module.ResolvedModule::configuration (5 bytes)
Event: 0.162 Thread 0x00007f14a81ab800 nmethod 185 0x00007f1490cdc890 code [0x00007f1490cdca40, 0x00007f1490cdcb10]

GC Heap History (0 events):
No events

Deoptimization events (0 events):
No events

Classes redefined (0 events):
No events

Internal exceptions (1 events):
Event: 0.162 Thread 0x00007f14a8031000 Exception <a 'java/lang/NullPointerException'{0x000000008bab42a8}> (0x000000008bab42a8) thrown at [src/hotspot/share/interpreter/linkResolver.cpp, line 1440]

Events (20 events):
Event: 0.094 loading class java/lang/WeakPairMap$Pair$Lookup
Event: 0.094 loading class java/lang/WeakPairMap$Pair$Lookup done
Event: 0.106 Thread 0x00007f14a81d3800 Thread added: 0x00007f14a81d3800
Event: 0.106 Protecting memory [0x00007f1488a00000,0x00007f1488a04000] with protection modes 0
Event: 0.112 loading class java/lang/invoke/DirectMethodHandle$Interface
Event: 0.112 loading class java/lang/invoke/DirectMethodHandle$Interface done
Event: 0.122 loading class java/lang/module/Resolver
Event: 0.123 loading class java/lang/module/Resolver done
Event: 0.123 loading class java/lang/module/ModuleFinder$1
Event: 0.123 loading class java/lang/module/ModuleFinder$1 done
Event: 0.127 loading class java/util/LinkedHashSet
Event: 0.127 loading class java/util/LinkedHashSet done
Event: 0.158 loading class jdk/internal/module/ModuleBootstrap$SafeModuleFinder
Event: 0.158 loading class jdk/internal/module/ModuleBootstrap$SafeModuleFinder done
Event: 0.159 loading class java/lang/InternalError
Event: 0.159 loading class java/lang/InternalError done
Event: 0.161 loading class sun/instrument/InstrumentationImpl
Event: 0.161 loading class java/lang/instrument/Instrumentation
Event: 0.161 loading class java/lang/instrument/Instrumentation done
Event: 0.161 loading class sun/instrument/InstrumentationImpl done


Dynamic libraries:
84000000-8bc00000 rw-p 00000000 00:00 0 
8bc00000-ffe00000 ---p 00000000 00:00 0 
ffe00000-ffe47000 rw-p 00b0f000 fd:00 75877392                           /usr/lib/jvm/java-11-openjdk-11.0.25.0.9-1.fc40.x86_64/lib/server/classes.jsa
ffe47000-fff00000 rw-p 00000000 00:00 0 
fff00000-fff6c000 rw-p 00aa3000 fd:00 75877392                           /usr/lib/jvm/java-11-openjdk-11.0.25.0.9-1.fc40.x86_64/lib/server/classes.jsa
fff6c000-100000000 rw-p 00000000 00:00 0 
800000000-800002000 rwxp 00001000 fd:00 75877392                         /usr/lib/jvm/java-11-openjdk-11.0.25.0.9-1.fc40.x86_64/lib/server/classes.jsa
800002000-800aa2000 rw-p 00003000 fd:00 75877392                         /usr/lib/jvm/java-11-openjdk-11.0.25.0.9-1.fc40.x86_64/lib/server/classes.jsa
840000000-840080000 rw-p 00000000 00:00 0 
840080000-880000000 ---p 00000000 00:00 0 
5653ed4fa000-5653ed4fb000 r--p 00000000 fd:00 17144892                   /usr/lib/jvm/java-11-openjdk-11.0.25.0.9-1.fc40.x86_64/bin/java
5653ed4fb000-5653ed4fc000 r-xp 00001000 fd:00 17144892                   /usr/lib/jvm/java-11-openjdk-11.0.25.0.9-1.fc40.x86_64/bin/java
5653ed4fc000-5653ed4fd000 r--p 00002000 fd:00 17144892                   /usr/lib/jvm/java-11-openjdk-11.0.25.0.9-1.fc40.x86_64/bin/java
5653ed4fd000-5653ed4fe000 r--p 00002000 fd:00 17144892                   /usr/lib/jvm/java-11-openjdk-11.0.25.0.9-1.fc40.x86_64/bin/java
5653ed4fe000-5653ed4ff000 rw-p 00003000 fd:00 17144892                   /usr/lib/jvm/java-11-openjdk-11.0.25.0.9-1.fc40.x86_64/bin/java
565403187000-5654031cd000 rw-p 00000000 00:00 0                          [heap]
7f1440000000-7f1440021000 rw-p 00000000 00:00 0 
7f1440021000-7f1444000000 ---p 00000000 00:00 0 
7f1448000000-7f1448021000 rw-p 00000000 00:00 0 
7f1448021000-7f144c000000 ---p 00000000 00:00 0 
7f144c000000-7f144c0a9000 rw-p 00000000 00:00 0 
7f144c0a9000-7f1450000000 ---p 00000000 00:00 0 
7f1454000000-7f1454021000 rw-p 00000000 00:00 0 
7f1454021000-7f1458000000 ---p 00000000 00:00 0 
7f1458000000-7f1458021000 rw-p 00000000 00:00 0 
7f1458021000-7f145c000000 ---p 00000000 00:00 0 
7f1460000000-7f1460021000 rw-p 00000000 00:00 0 
7f1460021000-7f1464000000 ---p 00000000 00:00 0 
7f1464000000-7f1464021000 rw-p 00000000 00:00 0 
7f1464021000-7f1468000000 ---p 00000000 00:00 0 
7f146c000000-7f146c021000 rw-p 00000000 00:00 0 
7f146c021000-7f1470000000 ---p 00000000 00:00 0 
7f1470000000-7f1470021000 rw-p 00000000 00:00 0 
7f1470021000-7f1474000000 ---p 00000000 00:00 0 
7f1478000000-7f1478021000 rw-p 00000000 00:00 0 
7f1478021000-7f147c000000 ---p 00000000 00:00 0 
7f147c000000-7f147c021000 rw-p 00000000 00:00 0 
7f147c021000-7f1480000000 ---p 00000000 00:00 0 
7f1482000000-7f1484021000 rw-p 00000000 00:00 0 
7f1484021000-7f1488000000 ---p 00000000 00:00 0 
7f1488600000-7f148886e000 rw-p 00000000 00:00 0 
7f14888ac000-7f1488a00000 rw-p 00000000 00:00 0 
7f1488a00000-7f1488a04000 ---p 00000000 00:00 0 
7f1488a04000-7f1488b00000 rw-p 00000000 00:00 0 
7f1488b00000-7f1488b04000 ---p 00000000 00:00 0 
7f1488b04000-7f1488c00000 rw-p 00000000 00:00 0 
7f1488c00000-7f1488c04000 ---p 00000000 00:00 0 
7f1488c04000-7f1488d00000 rw-p 00000000 00:00 0 
7f1488d00000-7f1488d04000 ---p 00000000 00:00 0 
7f1488d04000-7f1488e00000 rw-p 00000000 00:00 0 
7f1488e00000-7f1489078000 r--p 00000000 fd:00 31091856                   /usr/lib/locale/en_US.utf8/LC_COLLATE
7f14890ff000-7f1489103000 ---p 00000000 00:00 0 
7f1489103000-7f14891ff000 rw-p 00000000 00:00 0 
7f14891ff000-7f1489203000 ---p 00000000 00:00 0 
7f1489203000-7f14892ff000 rw-p 00000000 00:00 0 
7f14892ff000-7f1489300000 ---p 00000000 00:00 0 
7f1489300000-7f1489400000 rw-p 00000000 00:00 0 
7f1489400000-7f1489840000 rw-p 00000000 00:00 0 
7f1489840000-7f1489c00000 ---p 00000000 00:00 0 
7f1489cfd000-7f1489cfe000 ---p 00000000 00:00 0 
7f1489cfe000-7f1489dfe000 rw-p 00000000 00:00 0 
7f1489dfe000-7f1489dff000 ---p 00000000 00:00 0 
7f1489dff000-7f1489eff000 rw-p 00000000 00:00 0 
7f1489eff000-7f148a1f0000 rw-p 00000000 00:00 0 
7f148a1f0000-7f148bef8000 ---p 00000000 00:00 0 
7f148bef8000-7f148bf00000 rw-p 00000000 00:00 0 
7f148bf00000-7f148bf04000 ---p 00000000 00:00 0 
7f148bf04000-7f148c000000 rw-p 00000000 00:00 0 
7f148c000000-7f148c021000 rw-p 00000000 00:00 0 
7f148c021000-7f1490000000 ---p 00000000 00:00 0 
7f14900fb000-7f1490600000 rw-p 00000000 00:00 0 
7f1490600000-7f1490870000 rwxp 00000000 00:00 0 
7f1490870000-7f1490ca7000 ---p 00000000 00:00 0 
7f1490ca7000-7f1490f17000 rwxp 00000000 00:00 0 
7f1490f17000-7f149f600000 ---p 00000000 00:00 0 
7f149f600000-7f14a7e4f000 r--s 00000000 fd:00 19004332                   /usr/lib/jvm/java-11-openjdk-11.0.25.0.9-1.fc40.x86_64/lib/modules
7f14a7eff000-7f14a7f00000 ---p 00000000 00:00 0 
7f14a7f00000-7f14a8000000 rw-p 00000000 00:00 0 
7f14a8000000-7f14a820e000 rw-p 00000000 00:00 0 
7f14a820e000-7f14ac000000 ---p 00000000 00:00 0 
7f14ac066000-7f14ac0a6000 rw-p 00000000 00:00 0 
7f14ac0a6000-7f14ac0ff000 r--p 00000000 fd:00 16992913                   /usr/lib/locale/C.utf8/LC_CTYPE
7f14ac0ff000-7f14ac100000 ---p 00000000 00:00 0 
7f14ac100000-7f14ac200000 rw-p 00000000 00:00 0 
7f14ac200000-7f14ac3f0000 rw-p 00000000 00:00 0 
7f14ac3f0000-7f14ae0f8000 ---p 00000000 00:00 0 
7f14ae0f8000-7f14ae100000 rw-p 00000000 00:00 0 
7f14ae124000-7f14ae23e000 rw-p 00000000 00:00 0 
7f14ae23e000-7f14ae5df000 ---p 00000000 00:00 0 
7f14ae5df000-7f14ae5e0000 rw-p 00000000 00:00 0 
7f14ae600000-7f14ae63e000 rw-p 00000000 00:00 0 
7f14ae63e000-7f14ae9df000 ---p 00000000 00:00 0 
7f14ae9df000-7f14ae9e0000 rw-p 00000000 00:00 0 
7f14aea00000-7f14aea3e000 rw-p 00000000 00:00 0 
7f14aea3e000-7f14aeddf000 ---p 00000000 00:00 0 
7f14aeddf000-7f14aede0000 rw-p 00000000 00:00 0 
7f14aee03000-7f14aee04000 r--p 00000000 fd:00 31091859                   /usr/lib/locale/en_US.utf8/LC_NUMERIC
7f14aee04000-7f14aee05000 r--p 00000000 fd:00 4641314                    /usr/lib/locale/en_US.utf8/LC_TIME
7f14aee05000-7f14aee06000 r--p 00000000 fd:00 4641305                    /usr/lib/locale/en_US.utf8/LC_MONETARY
7f14aee06000-7f14aee07000 r--p 00000000 fd:00 4641323                    /usr/lib/locale/en_US.utf8/LC_MESSAGES/SYS_LC_MESSAGES
7f14aee07000-7f14aee08000 r--p 00000000 fd:00 17561615                   /usr/lib/locale/en_US.utf8/LC_PAPER
7f14aee08000-7f14aee09000 r--p 00000000 fd:00 31091858                   /usr/lib/locale/en_US.utf8/LC_NAME
7f14aee09000-7f14aee10000 r--s 00000000 fd:00 9705600                    /usr/lib64/gconv/gconv-modules.cache
7f14aee10000-7f14af496000 rw-p 00000000 00:00 0 
7f14af496000-7f14af497000 ---p 00000000 00:00 0 
7f14af497000-7f14af597000 rw-p 00000000 00:00 0 
7f14af597000-7f14af59c000 rw-p 00000000 00:00 0 
7f14af59c000-7f14af76a000 ---p 00000000 00:00 0 
7f14af76a000-7f14af76f000 rw-p 00000000 00:00 0 
7f14af76f000-7f14af778000 ---p 00000000 00:00 0 
7f14af778000-7f14af77a000 r--p 00000000 fd:00 19004331                   /usr/lib/jvm/java-11-openjdk-11.0.25.0.9-1.fc40.x86_64/lib/libzip.so
7f14af77a000-7f14af78d000 r-xp 00002000 fd:00 19004331                   /usr/lib/jvm/java-11-openjdk-11.0.25.0.9-1.fc40.x86_64/lib/libzip.so
7f14af78d000-7f14af795000 r--p 00015000 fd:00 19004331                   /usr/lib/jvm/java-11-openjdk-11.0.25.0.9-1.fc40.x86_64/lib/libzip.so
7f14af795000-7f14af796000 r--p 0001c000 fd:00 19004331                   /usr/lib/jvm/java-11-openjdk-11.0.25.0.9-1.fc40.x86_64/lib/libzip.so
7f14af796000-7f14af797000 rw-p 00000000 00:00 0 
7f14af797000-7f14af79f000 rw-s 00000000 00:24 266                        /tmp/hsperfdata_tazdevil/21202
7f14af79f000-7f14af7a1000 r--p 00000000 fd:00 19004304                   /usr/lib/jvm/java-11-openjdk-11.0.25.0.9-1.fc40.x86_64/lib/libinstrument.so
7f14af7a1000-7f14af7a8000 r-xp 00002000 fd:00 19004304                   /usr/lib/jvm/java-11-openjdk-11.0.25.0.9-1.fc40.x86_64/lib/libinstrument.so
7f14af7a8000-7f14af7ab000 r--p 00009000 fd:00 19004304                   /usr/lib/jvm/java-11-openjdk-11.0.25.0.9-1.fc40.x86_64/lib/libinstrument.so
7f14af7ab000-7f14af7ac000 r--p 0000b000 fd:00 19004304                   /usr/lib/jvm/java-11-openjdk-11.0.25.0.9-1.fc40.x86_64/lib/libinstrument.so
7f14af7ac000-7f14af7ad000 rw-p 0000c000 fd:00 19004304                   /usr/lib/jvm/java-11-openjdk-11.0.25.0.9-1.fc40.x86_64/lib/libinstrument.so
7f14af7ad000-7f14af7b1000 r--p 00000000 fd:00 19004313                   /usr/lib/jvm/java-11-openjdk-11.0.25.0.9-1.fc40.x86_64/lib/libjimage.so
7f14af7b1000-7f14af7c7000 r-xp 00004000 fd:00 19004313                   /usr/lib/jvm/java-11-openjdk-11.0.25.0.9-1.fc40.x86_64/lib/libjimage.so
7f14af7c7000-7f14af7cd000 r--p 0001a000 fd:00 19004313                   /usr/lib/jvm/java-11-openjdk-11.0.25.0.9-1.fc40.x86_64/lib/libjimage.so
7f14af7cd000-7f14af7cf000 r--p 0001f000 fd:00 19004313                   /usr/lib/jvm/java-11-openjdk-11.0.25.0.9-1.fc40.x86_64/lib/libjimage.so
7f14af7cf000-7f14af7d0000 rw-p 00021000 fd:00 19004313                   /usr/lib/jvm/java-11-openjdk-11.0.25.0.9-1.fc40.x86_64/lib/libjimage.so
7f14af7d0000-7f14af7de000 r--p 00000000 fd:00 19004310                   /usr/lib/jvm/java-11-openjdk-11.0.25.0.9-1.fc40.x86_64/lib/libjava.so
7f14af7de000-7f14af7f6000 r-xp 0000e000 fd:00 19004310                   /usr/lib/jvm/java-11-openjdk-11.0.25.0.9-1.fc40.x86_64/lib/libjava.so
7f14af7f6000-7f14af7fd000 r--p 00026000 fd:00 19004310                   /usr/lib/jvm/java-11-openjdk-11.0.25.0.9-1.fc40.x86_64/lib/libjava.so
7f14af7fd000-7f14af7fe000 r--p 0002c000 fd:00 19004310                   /usr/lib/jvm/java-11-openjdk-11.0.25.0.9-1.fc40.x86_64/lib/libjava.so
7f14af7fe000-7f14af7ff000 rw-p 0002d000 fd:00 19004310                   /usr/lib/jvm/java-11-openjdk-11.0.25.0.9-1.fc40.x86_64/lib/libjava.so
7f14af7ff000-7f14af800000 rw-p 00000000 00:00 0 
7f14af800000-7f14afa87000 r--p 00000000 fd:00 75877390                   /usr/lib/jvm/java-11-openjdk-11.0.25.0.9-1.fc40.x86_64/lib/server/libjvm.so
7f14afa87000-7f14b07a4000 r-xp 00287000 fd:00 75877390                   /usr/lib/jvm/java-11-openjdk-11.0.25.0.9-1.fc40.x86_64/lib/server/libjvm.so
7f14b07a4000-7f14b0a06000 r--p 00fa4000 fd:00 75877390                   /usr/lib/jvm/java-11-openjdk-11.0.25.0.9-1.fc40.x86_64/lib/server/libjvm.so
7f14b0a06000-7f14b0acc000 r--p 01205000 fd:00 75877390                   /usr/lib/jvm/java-11-openjdk-11.0.25.0.9-1.fc40.x86_64/lib/server/libjvm.so
7f14b0acc000-7f14b0b07000 rw-p 012cb000 fd:00 75877390                   /usr/lib/jvm/java-11-openjdk-11.0.25.0.9-1.fc40.x86_64/lib/server/libjvm.so
7f14b0b07000-7f14b0b5f000 rw-p 00000000 00:00 0 
7f14b0b5f000-7f14b0b60000 r--p 00000000 fd:00 4641301                    /usr/lib/locale/en_US.utf8/LC_ADDRESS
7f14b0b60000-7f14b0b65000 r--p 00000000 fd:00 19004330                   /usr/lib/jvm/java-11-openjdk-11.0.25.0.9-1.fc40.x86_64/lib/libverify.so
7f14b0b65000-7f14b0b6d000 r-xp 00005000 fd:00 19004330                   /usr/lib/jvm/java-11-openjdk-11.0.25.0.9-1.fc40.x86_64/lib/libverify.so
7f14b0b6d000-7f14b0b6f000 r--p 0000d000 fd:00 19004330                   /usr/lib/jvm/java-11-openjdk-11.0.25.0.9-1.fc40.x86_64/lib/libverify.so
7f14b0b6f000-7f14b0b71000 r--p 0000e000 fd:00 19004330                   /usr/lib/jvm/java-11-openjdk-11.0.25.0.9-1.fc40.x86_64/lib/libverify.so
7f14b0b71000-7f14b0b72000 rw-p 00000000 00:00 0 
7f14b0b72000-7f14b0b73000 r--p 00000000 fd:00 3064084                    /usr/lib64/librt.so.1
7f14b0b73000-7f14b0b74000 r-xp 00001000 fd:00 3064084                    /usr/lib64/librt.so.1
7f14b0b74000-7f14b0b75000 r--p 00002000 fd:00 3064084                    /usr/lib64/librt.so.1
7f14b0b75000-7f14b0b76000 r--p 00002000 fd:00 3064084                    /usr/lib64/librt.so.1
7f14b0b76000-7f14b0b77000 rw-p 00000000 00:00 0 
7f14b0b77000-7f14b0b7b000 ---p 00000000 00:00 0 
7f14b0b7b000-7f14b0c77000 rw-p 00000000 00:00 0 
7f14b0c77000-7f14b0c87000 r--p 00000000 fd:00 3064077                    /usr/lib64/libm.so.6
7f14b0c87000-7f14b0cff000 r-xp 00010000 fd:00 3064077                    /usr/lib64/libm.so.6
7f14b0cff000-7f14b0d59000 r--p 00088000 fd:00 3064077                    /usr/lib64/libm.so.6
7f14b0d59000-7f14b0d5a000 r--p 000e1000 fd:00 3064077                    /usr/lib64/libm.so.6
7f14b0d5a000-7f14b0d5b000 rw-p 000e2000 fd:00 3064077                    /usr/lib64/libm.so.6
7f14b0d5b000-7f14b0d5e000 rw-p 00000000 00:00 0 
7f14b0d5e000-7f14b0d86000 r--p 00000000 fd:00 3064075                    /usr/lib64/libc.so.6
7f14b0d86000-7f14b0ef3000 r-xp 00028000 fd:00 3064075                    /usr/lib64/libc.so.6
7f14b0ef3000-7f14b0f41000 r--p 00195000 fd:00 3064075                    /usr/lib64/libc.so.6
7f14b0f41000-7f14b0f45000 r--p 001e2000 fd:00 3064075                    /usr/lib64/libc.so.6
7f14b0f45000-7f14b0f47000 rw-p 001e6000 fd:00 3064075                    /usr/lib64/libc.so.6
7f14b0f47000-7f14b0f4f000 rw-p 00000000 00:00 0 
7f14b0f4f000-7f14b0f50000 r--p 00000000 fd:00 4641312                    /usr/lib/locale/en_US.utf8/LC_TELEPHONE
7f14b0f50000-7f14b0f51000 r--p 00000000 fd:00 4641304                    /usr/lib/locale/en_US.utf8/LC_MEASUREMENT
7f14b0f51000-7f14b0f52000 r--p 00000000 fd:00 4641303                    /usr/lib/locale/en_US.utf8/LC_IDENTIFICATION
7f14b0f52000-7f14b0f53000 r--p 00000000 fd:00 109214389                  /home/tazdevil/.cache/JetBrains/IntelliJIdea2024.3/microservices-jvm/scheduled/4/linux/amd64/libscheduled.so
7f14b0f53000-7f14b0f54000 r-xp 00001000 fd:00 109214389                  /home/tazdevil/.cache/JetBrains/IntelliJIdea2024.3/microservices-jvm/scheduled/4/linux/amd64/libscheduled.so
7f14b0f54000-7f14b0f55000 r--p 00002000 fd:00 109214389                  /home/tazdevil/.cache/JetBrains/IntelliJIdea2024.3/microservices-jvm/scheduled/4/linux/amd64/libscheduled.so
7f14b0f55000-7f14b0f56000 r--p 00002000 fd:00 109214389                  /home/tazdevil/.cache/JetBrains/IntelliJIdea2024.3/microservices-jvm/scheduled/4/linux/amd64/libscheduled.so
7f14b0f56000-7f14b0f57000 rw-p 00003000 fd:00 109214389                  /home/tazdevil/.cache/JetBrains/IntelliJIdea2024.3/microservices-jvm/scheduled/4/linux/amd64/libscheduled.so
7f14b0f57000-7f14b0f58000 ---p 00000000 00:00 0 
7f14b0f58000-7f14b0f59000 r--p 00000000 00:00 0 
7f14b0f59000-7f14b0f5c000 r--p 00000000 fd:00 67205087                   /usr/lib/jvm/java-11-openjdk-11.0.25.0.9-1.fc40.x86_64/lib/jli/libjli.so
7f14b0f5c000-7f14b0f6d000 r-xp 00003000 fd:00 67205087                   /usr/lib/jvm/java-11-openjdk-11.0.25.0.9-1.fc40.x86_64/lib/jli/libjli.so
7f14b0f6d000-7f14b0f74000 r--p 00014000 fd:00 67205087                   /usr/lib/jvm/java-11-openjdk-11.0.25.0.9-1.fc40.x86_64/lib/jli/libjli.so
7f14b0f74000-7f14b0f75000 r--p 0001a000 fd:00 67205087                   /usr/lib/jvm/java-11-openjdk-11.0.25.0.9-1.fc40.x86_64/lib/jli/libjli.so
7f14b0f75000-7f14b0f76000 rw-p 0001b000 fd:00 67205087                   /usr/lib/jvm/java-11-openjdk-11.0.25.0.9-1.fc40.x86_64/lib/jli/libjli.so
7f14b0f76000-7f14b0f78000 rw-p 00000000 00:00 0 
7f14b0f78000-7f14b0f7c000 r--p 00000000 00:00 0                          [vvar]
7f14b0f7c000-7f14b0f7e000 r-xp 00000000 00:00 0                          [vdso]
7f14b0f7e000-7f14b0f7f000 r--p 00000000 fd:00 3064072                    /usr/lib64/ld-linux-x86-64.so.2
7f14b0f7f000-7f14b0fa7000 r-xp 00001000 fd:00 3064072                    /usr/lib64/ld-linux-x86-64.so.2
7f14b0fa7000-7f14b0fb1000 r--p 00029000 fd:00 3064072                    /usr/lib64/ld-linux-x86-64.so.2
7f14b0fb1000-7f14b0fb3000 r--p 00033000 fd:00 3064072                    /usr/lib64/ld-linux-x86-64.so.2
7f14b0fb3000-7f14b0fb5000 rw-p 00035000 fd:00 3064072                    /usr/lib64/ld-linux-x86-64.so.2
7ffee4427000-7ffee444f000 rw-p 00000000 00:00 0                          [stack]
ffffffffff600000-ffffffffff601000 --xp 00000000 00:00 0                  [vsyscall]


VM Arguments:
jvm_args: -XX:TieredStopAtLevel=1 -Xverify:none -Dspring.output.ansi.enabled=always -Dcom.sun.management.jmxremote -Dspring.jmx.enabled=true -Dspring.liveBeansView.mbeanDomain -Dspring.application.admin.enabled=true -Dmanagement.endpoints.jmx.exposure.include=* -javaagent:/home/tazdevil/.cache/JetBrains/RemoteDev/dist/62ea3ffd56a53_ideaIU-243.21565.129/lib/idea_rt.jar=33963:/home/tazdevil/.cache/JetBrains/RemoteDev/dist/62ea3ffd56a53_ideaIU-243.21565.129/bin -agentpath:/home/tazdevil/.cache/JetBrains/IntelliJIdea2024.3/microservices-jvm/scheduled/4/linux/amd64/libscheduled.so=bind=127.0.0.1:42541 -Dfile.encoding=UTF-8 
java_command: pt.unl.fct.di.pdf_html_rss_core.PDFHTMLRSSApplicationKt
java_class_path (initial): /home/tazdevil/pdfhtmlrss_platform/pdfhtmlrss_platform_core/build/classes/kotlin/main:/home/tazdevil/pdfhtmlrss_platform/pdfhtmlrss_platform_core/build/resources/main:/home/tazdevil/.gradle/caches/modules-2/files-2.1/org.springframework.boot/spring-boot-configuration-processor/2.7.16/4f118a21283b38e36ddb92aa7abb28ac8f98bc8b/spring-boot-configuration-processor-2.7.16.jar:/home/tazdevil/.gradle/caches/modules-2/files-2.1/org.projectlombok/lombok/1.18.30/f195ee86e6c896ea47a1d39defbe20eb59cd149d/lombok-1.18.30.jar:/home/tazdevil/.gradle/caches/modules-2/files-2.1/org.jetbrains.kotlin/kotlin-stdlib-jdk8/1.8.22/b25c86d47d6b962b9cf0f8c3f320c8a10eea3dd1/kotlin-stdlib-jdk8-1.8.22.jar:/home/tazdevil/.gradle/caches/modules-2/files-2.1/eu.europa.ec.joinup.sd-dss/dss-pades/6.0/c4c2003373d59a4352373a67fefbbcae224137af/dss-pades-6.0.jar:/home/tazdevil/pdfhtmlrss_platform/xmlrss/build/classes/java/main:/home/tazdevil/.gradle/caches/modules-2/files-2.1/org.jsoup/jsoup/1.16.2/5d39ff6d1b8331c376a04c50c6716afbcdfe567d/jsoup-1.16.2.jar:/home/tazdevil/.gradle/caches/modules-2/files-2.1/org.springframework.boot/spring-boot-starter-security/2.7.16/1f08cec142ab23f30e42d68c5f60c7332943b77b/spring-boot-starter-security-2.7.16.jar:/home/tazdevil/.gradle/caches/modules-2/files-2.1/org.springframework.boot/spring-boot-starter-web/2.7.16/f6e4e226b0c9c1cf36c17c04262c702c6a0bad99/spring-boot-starter-web-2.7.16.jar:/home/tazdevil/.gradle/caches/modules-2/files-2.1/org.springframework.boot/spring-boot-starter-data-jpa/2.7.16/3438c32d28bb5d31b6ad45f1b7c8cbbd9cba5b4e/spring-boot-starter-data-jpa-2.7.16.jar:/home/tazdevil/.gradle/caches/modules-2/files-2.1/org.springframework.boot/spring-boot-starter-data-jdbc/2.7.16/c4b8c341f95f78e08123c6d3069d646685138db7/spring-boot-starter-data-jdbc-2.7.16.jar:/home/tazdevil/.gradle/caches/modules-2/files-2.1/org.mariadb.jdbc/mariadb-java-client/3.1.4/7f66d1f5afcacdb11ba34d2614933a206afbcff2/mariadb-java-client-3.1.4.jar:/home/tazdevil/.
Launcher Type: SUN_STANDARD

[Global flags]
     bool BytecodeVerificationLocal                = false                                     {product} {command line}
     bool BytecodeVerificationRemote               = false                                     {product} {command line}
     intx CICompilerCount                          = 3                                         {product} {ergonomic}
     uint ConcGCThreads                            = 2                                         {product} {ergonomic}
     uint G1ConcRefinementThreads                  = 6                                         {product} {ergonomic}
   size_t G1HeapRegionSize                         = 1048576                                   {product} {ergonomic}
    uintx GCDrainStackTargetSize                   = 64                                        {product} {ergonomic}
   size_t InitialHeapSize                          = 130023424                                 {product} {ergonomic}
     bool ManagementServer                         = true                                      {product} {command line}
   size_t MarkStackSize                            = 4194304                                   {product} {ergonomic}
   size_t MaxHeapSize                              = 2080374784                                {product} {ergonomic}
   size_t MaxNewSize                               = 1247805440                                {product} {ergonomic}
   size_t MinHeapDeltaBytes                        = 1048576                                   {product} {ergonomic}
    uintx NonNMethodCodeHeapSize                   = 6973028                                {pd product} {ergonomic}
    uintx NonProfiledCodeHeapSize                  = 244685212                              {pd product} {ergonomic}
    uintx ProfiledCodeHeapSize                     = 0                                      {pd product} {ergonomic}
    uintx ReservedCodeCacheSize                    = 251658240                              {pd product} {ergonomic}
     bool SegmentedCodeCache                       = true                                      {product} {ergonomic}
     intx TieredStopAtLevel                        = 1                                         {product} {command line}
     bool UseCompressedClassPointers               = true                                 {lp64_product} {ergonomic}
     bool UseCompressedOops                        = true                                 {lp64_product} {ergonomic}
     bool UseG1GC                                  = true                                      {product} {ergonomic}

Logging:
Log output configuration:
 #0: stdout all=warning uptime,level,tags
 #1: stderr all=off uptime,level,tags

Environment Variables:
PATH=/home/tazdevil/.local/bin:/home/tazdevil/bin:/usr/local/bin:/usr/bin:/usr/local/sbin:/usr/sbin
SHELL=/bin/bash
LANG=en_US.UTF-8
TERM=vt100

Signal Handlers:
SIGSEGV: [libjvm.so+0xf1b150], sa_mask[0]=11111111011111111101111111111110, sa_flags=SA_RESTART|SA_SIGINFO
SIGBUS: [libjvm.so+0xf1b150], sa_mask[0]=11111111011111111101111111111110, sa_flags=SA_RESTART|SA_SIGINFO
SIGFPE: [libjvm.so+0xf1b150], sa_mask[0]=11111111011111111101111111111110, sa_flags=SA_RESTART|SA_SIGINFO
SIGPIPE: [libjvm.so+0xc71aa0], sa_mask[0]=11111111011111111101111111111110, sa_flags=SA_RESTART|SA_SIGINFO
SIGXFSZ: [libjvm.so+0xc71aa0], sa_mask[0]=11111111011111111101111111111110, sa_flags=SA_RESTART|SA_SIGINFO
SIGILL: [libjvm.so+0xf1b150], sa_mask[0]=11111111011111111101111111111110, sa_flags=SA_RESTART|SA_SIGINFO
SIGUSR2: [libjvm.so+0xc71930], sa_mask[0]=00000000000000000000000000000000, sa_flags=SA_RESTART|SA_SIGINFO
SIGHUP: [libjvm.so+0xc72120], sa_mask[0]=11111111011111111101111111111110, sa_flags=SA_RESTART|SA_SIGINFO
SIGINT: [libjvm.so+0xc72120], sa_mask[0]=11111111011111111101111111111110, sa_flags=SA_RESTART|SA_SIGINFO
SIGTERM: [libjvm.so+0xc72120], sa_mask[0]=11111111011111111101111111111110, sa_flags=SA_RESTART|SA_SIGINFO
SIGQUIT: [libjvm.so+0xc72120], sa_mask[0]=11111111011111111101111111111110, sa_flags=SA_RESTART|SA_SIGINFO


---------------  S Y S T E M  ---------------

OS:Fedora release 40 (Forty)
uname:Linux 6.9.12-100.fc39.x86_64 #1 SMP PREEMPT_DYNAMIC Sat Jul 27 16:09:11 UTC 2024 x86_64
OS uptime: 0 days 0:30 hours
libc:glibc 2.39 NPTL 2.39 
rlimit (soft/hard): STACK 8192k/infinity , CORE infinity/infinity , NPROC 31561/31561 , NOFILE 524288/524288 , AS infinity/infinity , CPU infinity/infinity , DATA infinity/infinity , FSIZE infinity/infinity , MEMLOCK 8192k/8192k
load average:2.31 1.85 1.24

/proc/meminfo:
MemTotal:        8123984 kB
MemFree:          629976 kB
MemAvailable:    2818976 kB
Buffers:            2140 kB
Cached:          2364504 kB
SwapCached:            0 kB
Active:          6447844 kB
Inactive:         626452 kB
Active(anon):    4709276 kB
Inactive(anon):        0 kB
Active(file):    1738568 kB
Inactive(file):   626452 kB
Unevictable:           0 kB
Mlocked:               0 kB
SwapTotal:       8123388 kB
SwapFree:        8123388 kB
Zswap:                 0 kB
Zswapped:              0 kB
Dirty:              8248 kB
Writeback:             0 kB
AnonPages:       4707988 kB
Mapped:          1228156 kB
Shmem:              1624 kB
KReclaimable:      85916 kB
Slab:             180292 kB
SReclaimable:      85916 kB
SUnreclaim:        94376 kB
KernelStack:        8592 kB
PageTables:        26648 kB
SecPageTables:         0 kB
NFS_Unstable:          0 kB
Bounce:                0 kB
WritebackTmp:          0 kB
CommitLimit:    12185380 kB
Committed_AS:    6998616 kB
VmallocTotal:   34359738367 kB
VmallocUsed:       60480 kB
VmallocChunk:          0 kB
Percpu:             4896 kB
HardwareCorrupted:     0 kB
AnonHugePages:         0 kB
ShmemHugePages:        0 kB
ShmemPmdMapped:        0 kB
FileHugePages:         0 kB
FilePmdMapped:         0 kB
CmaTotal:              0 kB
CmaFree:               0 kB
Unaccepted:            0 kB
HugePages_Total:       0
HugePages_Free:        0
HugePages_Rsvd:        0
HugePages_Surp:        0
Hugepagesize:       2048 kB
Hugetlb:               0 kB
DirectMap4k:      145344 kB
DirectMap2M:     8243200 kB

/sys/kernel/mm/transparent_hugepage/enabled:
always [madvise] never
/sys/kernel/mm/transparent_hugepage/defrag (defrag/compaction efforts parameter):
always defer defer+madvise [madvise] never

Process Memory:
Virtual Size: 4571584K (peak: 13460156K)
Resident Set Size: 39216K (peak: 39216K) (anon: 14208K, file: 25008K, shmem: 0K)
Swapped out: 0K
C-Heap outstanding allocations: 20313K, retained: 1670K
glibc malloc tunables: (default)

/proc/sys/kernel/threads-max (system-wide limit on the number of threads):
63122
/proc/sys/vm/max_map_count (maximum number of memory map areas a process may have):
1048576
/proc/sys/kernel/pid_max (system-wide limit on number of process identifiers):
4194304

container (cgroup) information:
container_type: cgroupv2
cpu_cpuset_cpus: not supported
cpu_memory_nodes: not supported
active_processor_count: 6
cpu_quota: no quota
cpu_period: 100000
cpu_shares: no shares
memory_limit_in_bytes: unlimited
memory_and_swap_limit_in_bytes: unlimited
memory_soft_limit_in_bytes: unlimited
memory_usage_in_bytes: 6320688 k
memory_max_usage_in_bytes: not supported
memory_swap_current_in_bytes: unlimited
memory_swap_max_limit_in_bytes: unlimited
maximum number of tasks: unlimited
current number of tasks: 252

KVM virtualization detected
Steal ticks since vm start: 0
Steal ticks percentage since vm start:  0.000

CPU:total 6 (initial active 6) (6 cores per cpu, 6 threads per core) family 25 model 80 stepping 0 microcode 0x0, cmov, cx8, fxsr, mmx, sse, sse2, sse3, ssse3, sse4.1, sse4.2, popcnt, avx, avx2, aes, clmul, mmxext, 3dnowpref, lzcnt, sse4a, ht, tsc, tscinvbit, tscinv, bmi1, bmi2, adx, sha, fma
CPU Model and flags from /proc/cpuinfo:
model name	: AMD Ryzen 7 5800H with Radeon Graphics
flags		: fpu vme de pse tsc msr pae mce cx8 apic sep mtrr pge mca cmov pat pse36 clflush mmx fxsr sse sse2 ht syscall nx mmxext fxsr_opt rdtscp lm constant_tsc rep_good nopl nonstop_tsc cpuid extd_apicid tsc_known_freq pni pclmulqdq ssse3 fma cx16 sse4_1 sse4_2 x2apic movbe popcnt aes xsave avx f16c rdrand hypervisor lahf_lm cmp_legacy cr8_legacy abm sse4a misalignsse 3dnowprefetch vmmcall fsgsbase bmi1 avx2 bmi2 invpcid rdseed adx clflushopt sha_ni xsaveerptr arat
Online cpus:
0-5
Offline cpus:

BIOS frequency limitation:
<Not Available>
Frequency switch latency (ns):
<Not Available>
Available cpu frequencies:
<Not Available>
Current governor:
<Not Available>
Core performance/turbo boost:
<Not Available>

Memory: 4k page, physical 8123984k(629976k free), swap 8123388k(8123388k free)

vm_info: OpenJDK 64-Bit Server VM (11.0.25+9) for linux-amd64 JRE (11.0.25+9), built on Oct 18 2024 22:56:21 by "mockbuild" with gcc 13.3.1 20240913 (Red Hat 13.3.1-3)

END.
